// Jest Snapshot v1, https://goo.gl/fbAQLP

exports[`babel-transform-change-identifier handles case1 1`] = `
"function square(x) {
  return x * x;
}"
`;

exports[`babel-transform-change-identifier handles case2 1`] = `
"function square(num) {
  return num * num;
}"
`;
